#-----------------------------------------------------------
# Vivado v2023.2 (64-bit)
# SW Build 4029153 on Fri Oct 13 20:14:34 MDT 2023
# IP Build 4028589 on Sat Oct 14 00:45:43 MDT 2023
# SharedData Build 4025554 on Tue Oct 10 17:18:54 MDT 2023
# Start of session at: Fri Nov  7 18:29:52 2025
# Process ID: 5988
# Current directory: C:/Users/anshp/Downloads/426_Finial-Week-3/426_Finial-Week-3/Lab_3_426/Lab_3_426.runs/synth_1
# Command line: vivado.exe -log tb_mips_pipeline.vds -product Vivado -mode batch -messageDb vivado.pb -notrace -source tb_mips_pipeline.tcl
# Log file: C:/Users/anshp/Downloads/426_Finial-Week-3/426_Finial-Week-3/Lab_3_426/Lab_3_426.runs/synth_1/tb_mips_pipeline.vds
# Journal file: C:/Users/anshp/Downloads/426_Finial-Week-3/426_Finial-Week-3/Lab_3_426/Lab_3_426.runs/synth_1\vivado.jou
# Running On: Ansh-PC, OS: Windows, CPU Frequency: 2496 MHz, CPU Physical cores: 10, Host memory: 34187 MB
#-----------------------------------------------------------
source tb_mips_pipeline.tcl -notrace
