#-----------------------------------------------------------
# Vivado v2020.2 (64-bit)
# SW Build 3064766 on Wed Nov 18 09:12:45 MST 2020
# IP Build 3064653 on Wed Nov 18 14:17:31 MST 2020
# Start of session at: Thu Nov 13 15:20:26 2025
# Process ID: 14000
# Current directory: C:/Users/mackr/426_Finial/Lab_3_426
# Command line: vivado.exe -gui_launcher_event rodinguilauncherevent28456 C:\Users\mackr\426_Finial\Lab_3_426\Lab_3_426.xpr
# Log file: C:/Users/mackr/426_Finial/Lab_3_426/vivado.log
# Journal file: C:/Users/mackr/426_Finial/Lab_3_426\vivado.jou
#-----------------------------------------------------------
start_gui
open_project C:/Users/mackr/426_Finial/Lab_3_426/Lab_3_426.xpr
update_compile_order -fileset sources_1
launch_simulation
open_wave_config C:/Users/mackr/426_Finial/Lab_3_426/top_level_tb_behav.wcfg
source tb_mips_pipeline.tcl
close_sim
launch_simulation
open_wave_config C:/Users/mackr/426_Finial/Lab_3_426/top_level_tb_behav.wcfg
source tb_mips_pipeline.tcl
update_compile_order -fileset sources_1
update_compile_order -fileset sources_1
launch_simulation
close_sim
launch_simulation
open_wave_config C:/Users/mackr/426_Finial/Lab_3_426/top_level_tb_behav.wcfg
source tb_individual_instructions.tcl
relaunch_sim
relaunch_sim
save_wave_config {C:/Users/mackr/426_Finial/Lab_3_426/top_level_tb_behav.wcfg}
close_sim
launch_simulation
update_compile_order -fileset sources_1
update_compile_order -fileset sources_1
update_compile_order -fileset sources_1
launch_simulation
update_compile_order -fileset sources_1
update_compile_order -fileset sources_1
launch_simulation
open_wave_config C:/Users/mackr/426_Finial/Lab_3_426/top_level_tb_behav.wcfg
source tb_individual_instructions.tcl
save_wave_config {C:/Users/mackr/426_Finial/Lab_3_426/top_level_tb_behav.wcfg}
relaunch_sim
relaunch_sim
close_sim
launch_simulation
open_wave_config C:/Users/mackr/426_Finial/Lab_3_426/top_level_tb_behav.wcfg
source tb_individual_instructions.tcl
close_sim
launch_simulation
launch_simulation
open_wave_config C:/Users/mackr/426_Finial/Lab_3_426/top_level_tb_behav.wcfg
source tb_individual_instructions.tcl
relaunch_sim
close_sim
launch_simulation
open_wave_config C:/Users/mackr/426_Finial/Lab_3_426/top_level_tb_behav.wcfg
source tb_individual_instructions.tcl
relaunch_sim
update_compile_order -fileset sources_1
update_compile_order -fileset sources_1
close_sim
launch_simulation
open_wave_config C:/Users/mackr/426_Finial/Lab_3_426/top_level_tb_behav.wcfg
source tb_individual_instructions.tcl
relaunch_sim
close_sim
launch_simulation
open_wave_config C:/Users/mackr/426_Finial/Lab_3_426/top_level_tb_behav.wcfg
source tb_individual_instructions.tcl
relaunch_sim
save_wave_config {C:/Users/mackr/426_Finial/Lab_3_426/top_level_tb_behav.wcfg}
close_sim
launch_simulation
open_wave_config C:/Users/mackr/426_Finial/Lab_3_426/top_level_tb_behav.wcfg
source tb_individual_instructions.tcl
save_wave_config {C:/Users/mackr/426_Finial/Lab_3_426/top_level_tb_behav.wcfg}
relaunch_sim
save_wave_config {C:/Users/mackr/426_Finial/Lab_3_426/top_level_tb_behav.wcfg}
close_sim
launch_simulation
open_wave_config C:/Users/mackr/426_Finial/Lab_3_426/top_level_tb_behav.wcfg
source tb_individual_instructions.tcl
close_sim
launch_simulation
open_wave_config C:/Users/mackr/426_Finial/Lab_3_426/top_level_tb_behav.wcfg
source tb_individual_instructions.tcl
relaunch_sim
