#-----------------------------------------------------------
# Vivado v2020.2 (64-bit)
# SW Build 3064766 on Wed Nov 18 09:12:45 MST 2020
# IP Build 3064653 on Wed Nov 18 14:17:31 MST 2020
# Start of session at: Wed Nov 12 17:29:25 2025
# Process ID: 36676
# Current directory: C:/Users/mackr/426_Finial/Lab_3_426
# Command line: vivado.exe -gui_launcher_event rodinguilauncherevent36708 C:\Users\mackr\426_Finial\Lab_3_426\Lab_3_426.xpr
# Log file: C:/Users/mackr/426_Finial/Lab_3_426/vivado.log
# Journal file: C:/Users/mackr/426_Finial/Lab_3_426\vivado.jou
#-----------------------------------------------------------
start_gui
open_project C:/Users/mackr/426_Finial/Lab_3_426/Lab_3_426.xpr
update_compile_order -fileset sources_1
launch_simulation
launch_simulation
update_compile_order -fileset sources_1
update_compile_order -fileset sources_1
launch_simulation
update_compile_order -fileset sources_1
launch_simulation
update_compile_order -fileset sources_1
launch_simulation
open_wave_config C:/Users/mackr/426_Finial/Lab_3_426/top_level_tb_behav.wcfg
source tb_mips_pipeline.tcl
close_sim
launch_simulation
open_wave_config C:/Users/mackr/426_Finial/Lab_3_426/top_level_tb_behav.wcfg
source tb_mips_pipeline.tcl
relaunch_sim
relaunch_sim
close_sim
launch_simulation
open_wave_config C:/Users/mackr/426_Finial/Lab_3_426/top_level_tb_behav.wcfg
source tb_mips_pipeline.tcl
relaunch_sim
close_sim
launch_simulation
open_wave_config C:/Users/mackr/426_Finial/Lab_3_426/top_level_tb_behav.wcfg
source tb_mips_pipeline.tcl
relaunch_sim
error
close_sim
launch_simulation
open_wave_config C:/Users/mackr/426_Finial/Lab_3_426/top_level_tb_behav.wcfg
source tb_mips_pipeline.tcl
relaunch_sim
close_sim
launch_simulation
open_wave_config C:/Users/mackr/426_Finial/Lab_3_426/top_level_tb_behav.wcfg
source tb_mips_pipeline.tcl
relaunch_sim
close_sim
launch_simulation
launch_simulation
open_wave_config C:/Users/mackr/426_Finial/Lab_3_426/top_level_tb_behav.wcfg
source tb_mips_pipeline.tcl
relaunch_sim
relaunch_sim
save_wave_config {C:/Users/mackr/426_Finial/Lab_3_426/top_level_tb_behav.wcfg}
close_sim
launch_simulation
launch_simulation
open_wave_config C:/Users/mackr/426_Finial/Lab_3_426/top_level_tb_behav.wcfg
source tb_mips_pipeline.tcl
relaunch_sim
save_wave_config {C:/Users/mackr/426_Finial/Lab_3_426/top_level_tb_behav.wcfg}
close_sim
launch_simulation
open_wave_config C:/Users/mackr/426_Finial/Lab_3_426/top_level_tb_behav.wcfg
source tb_mips_pipeline.tcl
relaunch_sim
close_sim
launch_simulation
launch_simulation
open_wave_config C:/Users/mackr/426_Finial/Lab_3_426/top_level_tb_behav.wcfg
source tb_mips_pipeline.tcl
relaunch_sim
close_sim
launch_simulation
open_wave_config C:/Users/mackr/426_Finial/Lab_3_426/top_level_tb_behav.wcfg
source tb_mips_pipeline.tcl
relaunch_sim
save_wave_config {C:/Users/mackr/426_Finial/Lab_3_426/top_level_tb_behav.wcfg}
close_sim
launch_simulation
open_wave_config C:/Users/mackr/426_Finial/Lab_3_426/top_level_tb_behav.wcfg
source tb_mips_pipeline.tcl
close_sim
launch_simulation
open_wave_config C:/Users/mackr/426_Finial/Lab_3_426/top_level_tb_behav.wcfg
source tb_mips_pipeline.tcl
close_sim
# Disabling source management mode.  This is to allow the top design properties to be set without GUI intervention.
set_property source_mgmt_mode None [current_project]
set_property top pipelined_cpu [current_fileset]
# Re-enabling previously disabled source management mode.
set_property source_mgmt_mode All [current_project]
update_compile_order -fileset sources_1
# Disabling source management mode.  This is to allow the top design properties to be set without GUI intervention.
set_property source_mgmt_mode None [current_project]
set_property top tb_mips_pipeline [current_fileset]
# Re-enabling previously disabled source management mode.
set_property source_mgmt_mode All [current_project]
update_compile_order -fileset sources_1
launch_simulation
open_wave_config C:/Users/mackr/426_Finial/Lab_3_426/top_level_tb_behav.wcfg
source tb_mips_pipeline.tcl
close_sim
launch_simulation
open_wave_config C:/Users/mackr/426_Finial/Lab_3_426/top_level_tb_behav.wcfg
source tb_mips_pipeline.tcl
close_sim
launch_simulation
open_wave_config C:/Users/mackr/426_Finial/Lab_3_426/top_level_tb_behav.wcfg
source tb_mips_pipeline.tcl
close_sim
launch_simulation
open_wave_config C:/Users/mackr/426_Finial/Lab_3_426/top_level_tb_behav.wcfg
source tb_mips_pipeline.tcl
close_sim
launch_simulation
open_wave_config C:/Users/mackr/426_Finial/Lab_3_426/top_level_tb_behav.wcfg
source tb_mips_pipeline.tcl
run 270 ns
close_sim
launch_simulation
open_wave_config C:/Users/mackr/426_Finial/Lab_3_426/top_level_tb_behav.wcfg
source tb_mips_pipeline.tcl
close_sim
launch_simulation
open_wave_config C:/Users/mackr/426_Finial/Lab_3_426/top_level_tb_behav.wcfg
source tb_mips_pipeline.tcl
